.venv-1\Scripts\python.exe : Creating test database for alias 'default'...
At line:1 char:1
+ .venv-1\Scripts\python.exe manage.py test 2>&1 >test_output.txt ; Get ...
+ ~~~~~~~~~~~~~~~~~~~~~~~~~~~~~~~~~~~~~~~~~~~~~~~~~~~~~~~~~~~~~~~
    + CategoryInfo          : NotSpecified: (Creating test d...as 'default'. 
   ..:String) [], RemoteException
    + FullyQualifiedErrorId : NativeCommandError
 


======================================================================
GOEXPLORER BOOKING FLOW TEST
======================================================================

[1] Testing Homepage...
    [+] Homepage loads correctly
    [+] Date inputs present

[2] Testing Hotel Detail Page...
    [+] Hotel detail page loads correctly
    [+] Booking form present
    [+] All form fields present
    [+] 'Login to Book' button present (authentication required)

[3] Testing Hotel Images...
    [+] Image URLs present in HTML
    [+] Image accessible (HTTP 200)

[4] Testing API Endpoints...
    [+] Create order endpoint exists (Status: 403)
    [+] Verify payment endpoint exists (Status: 403)

[5] Testing Channel Manager Integration...
    [+] Hotel using Internal Channel Manager
    [+] Inventory source displayed

[6] Testing Payment Page Template...
    [!] Payment scripts may not be fully integrated

======================================================================
OK - ALL CRITICAL TESTS PASSED!
======================================================================

Summary:
- Homepage with date inputs: WORKING [+]
- Hotel detail page with booking form: WORKING [+]
- Hotel images loading: WORKING [+]
- API endpoints: WORKING [+]
- Channel Manager integration: WORKING [+]

Ready for manual booking flow testing:
1. Visit http://goexplorer-dev.cloud/
2. Select hotel and dates
3. View hotel details and click "Proceed to Payment"
4. Complete booking flow

======================================================================


Found 3 date inputs on homepage
  - ID: hotelCheckin, Name: checkin, Value: None, Class: ['form-control']
  - ID: hotelCheckout, Name: checkout, Value: None, Class: ['form-control']
  - ID: busDate, Name: date, Value: None, Class: ['form-control']

[+] Found date input styles

==================================================

Found 2 date inputs on hotels page
  - ID: checkin, Name: checkin, Value: None
  - ID: checkout, Name: checkout, Value: None

======================================================================
END-TO-END BOOKING FLOW TEST
======================================================================

[1] Logging in...
    [-] Login response: 404
    [-] Logout link not found in response

[2] Visiting hotel detail page...
    [-] Proceed to Payment button not visible after login

======================================================================
GOEXPLORER E2E BOOKING FLOW TEST SUITE
======================================================================
Found 52 test(s).
C:\Users\ravi9\Downloads\cgpt\Go_explorer_clear\.venv-1\Lib\site-packages\raz
orpay\client.py:4: UserWarning: pkg_resources is deprecated as an API. See 
https://setuptools.pypa.io/en/latest/pkg_resources.html. The pkg_resources 
package is slated for removal as early as 2025-11-30. Refrain from using 
this package or pin to Setuptools<81.
  import pkg_resources
System check identified some issues:

WARNINGS:
?: (rest_framework.W001) You have specified a default PAGE_SIZE pagination 
rest_framework setting, without specifying also a DEFAULT_PAGINATION_CLASS.
	HINT: The default for DEFAULT_PAGINATION_CLASS is None. In previous 
versions this was PageNumberPagination. If you wish to define PAGE_SIZE 
globally whilst defining pagination_class on a per-view basis you may 
silence this check.

System check identified 1 issue (0 silenced).
C:\Users\ravi9\Downloads\cgpt\Go_explorer_clear\.venv-1\Lib\site-packages\dja
ngo\core\handlers\base.py:61: UserWarning: No directory at: 
C:\Users\ravi9\Downloads\cgpt\Go_explorer_clear\staticfiles\
  mw_instance = middleware(adapted_handler)
[+] Added image for Bali Paradise Package
[+] Created package: Bali Paradise Package with departures
[+] Added image for Himalayan Trek Adventure
[+] Created package: Himalayan Trek Adventure with departures
[+] Added image for Dubai Luxury Escape
[+] Created package: Dubai Luxury Escape with departures
[+] Added image for Kerala Backwaters Cruise
[+] Created package: Kerala Backwaters Cruise with departures
[+] Added image for Egypt Historical Tour
[+] Created package: Egypt Historical Tour with departures
[+] Added image for Thailand Beach Retreat
[+] Created package: Thailand Beach Retreat with departures
[+] Added image for Swiss Alps Package
[+] Created package: Swiss Alps Package with departures
[+] Added image for Northern Lights Adventure
[+] Created package: Northern Lights Adventure with departures
Successfully added all tour packages with images
........................................E...........
======================================================================
ERROR: test_all_test_messages 
(notifications.tests.WhatsAppBookingHandlerTest.test_all_test_messages)
Test all predefined test messages
----------------------------------------------------------------------
Traceback (most recent call last):
  File 
"C:\Users\ravi9\Downloads\cgpt\Go_explorer_clear\notifications\tests.py", 
line 324, in test_all_test_messages
    print(f"[+] {command}: {response['message'][:50]}...")
    ~~~~~^^^^^^^^^^^^^^^^^^^^^^^^^^^^^^^^^^^^^^^^^^^^^^^^^
  File "C:\Users\ravi9\AppData\Local\Programs\Python\Python313\Lib\encodings\
cp1252.py", line 19, in encode
    return codecs.charmap_encode(input,self.errors,encoding_table)[0]
           ~~~~~~~~~~~~~~~~~~~~~^^^^^^^^^^^^^^^^^^^^^^^^^^^^^^^^^^
UnicodeEncodeError: 'charmap' codec can't encode character '\U0001f50d' in 
position 29: character maps to <undefined>

----------------------------------------------------------------------
Ran 52 tests in 3.149s

FAILED (errors=1)
Destroying test database for alias 'default'...

